Prefix(xsd:=<http://www.w3.org/2001/XMLSchema#>)
Prefix(owl:=<http://www.w3.org/2002/07/owl#>)
Prefix(:=<http://www.semanticweb.org/Test.owl#>)
Prefix(xml:=<http://www.w3.org/XML/1998/namespace>)
Prefix(rdf:=<http://www.w3.org/1999/02/22-rdf-syntax-ns#>)
Prefix(rdfs:=<http://www.w3.org/2000/01/rdf-schema#>)

Ontology(<http://www.semanticweb.org/Test.owl>

SubClassOf(:Literal		owl:Thing)
SubClassOf(:DateTime		:Literal)
SubClassOf(:DateTimeStamp	:DateTime)
SubClassOf(:Base64Binary	:Literal)
SubClassOf(:HexBinary		:Literal)
SubClassOf(:AnyURI		:Literal)
SubClassOf(:Real		:Literal)
SubClassOf(:Rational		:Real)
SubClassOf(:Decimal		:Rational)
SubClassOf(:Integer		:Decimal)
SubClassOf(:NonNegativeInteger	:Integer)
SubClassOf(:PlainLiteral	:Literal)
SubClassOf(:String		:PlainLiteral)
SubClassOf(:NormalizedString	:String)
SubClassOf(:Token		:NormalizedString)
SubClassOf(:Name		:Token)
SubClassOf(:NMToken		:Token)
SubClassOf(:NCName		:Name)
SubClassOf(:XMLLiteral		:Literal)
)