Prefix(:=<http://www.semanticweb.org/Test.owl#>)
Prefix(owl:=<http://www.w3.org/2002/07/owl#>)
Prefix(rdf:=<http://www.w3.org/1999/02/22-rdf-syntax-ns#>)
Prefix(xml:=<http://www.w3.org/XML/1998/namespace>)
Prefix(xsd:=<http://www.w3.org/2001/XMLSchema#>)
Prefix(rdfs:=<http://www.w3.org/2000/01/rdf-schema#>)


Ontology(<http://www.semanticweb.org/TestELK.owl>

SubClassOf(:C owl:Thing)

SubClassOf(:A :D)
SubClassOf(:A :K)
SubClassOf(:B :D)
SubClassOf(:B :K)
SubClassOf(:D :C)
SubClassOf(:E :K)
SubClassOf(:F :K)
SubClassOf(:G :D)
SubClassOf(:G :K)
SubClassOf(:H :D)
SubClassOf(:H :K)
SubClassOf(:I :C)
SubClassOf(:J :C)
SubClassOf(:K :C)

EquivalentClasses(:H :G)
EquivalentClasses(:G :H)

EquivalentClasses(:L owl:Nothing)
)
