Prefix(: = <http://example.org/>)
Prefix(rdf: = <http://www.w3.org/1999/02/22-rdf-syntax-ns#>)
Prefix(rdfs: = <http://www.w3.org/2000/01/rdf-schema#>)
Prefix(xsd: = <http://www.w3.org/2001/XMLSchema#>)
Prefix(owl: = <http://www.w3.org/2002/07/owl#>)
Ontology(<www.example.org#assertions_existentials#taxonomy>
SubClassOf(owl:Nothing ObjectSomeValuesFrom(:S :C))
SubClassOf(ObjectSomeValuesFrom(:S :C) owl:Thing)
ClassAssertion(ObjectSomeValuesFrom(:S :C) :b)
)
