Prefix(:=<owlapi:ontology#ont32#>)
Prefix(owl:=<http://www.w3.org/2002/07/owl#>)
Prefix(rdf:=<http://www.w3.org/1999/02/22-rdf-syntax-ns#>)
Prefix(xml:=<http://www.w3.org/XML/1998/namespace>)
Prefix(xsd:=<http://www.w3.org/2001/XMLSchema#>)
Prefix(rdfs:=<http://www.w3.org/2000/01/rdf-schema#>)


Ontology(<owlapi:ontology#ont32>

Declaration(Class(<http://example.org/A>))
Declaration(Class(<http://example.org/C>))
Declaration(ObjectProperty(<http://example.org/T>))

############################
#   Classes
############################

# Class: <http://example.org/A> (<http://example.org/A>)

SubClassOf(<http://example.org/A> ObjectSomeValuesFrom(<http://example.org/T> <http://example.org/C>))



SubClassOf(ObjectSomeValuesFrom(<http://example.org/T> <http://example.org/C>) owl:Thing)
)