Prefix(xsd:=<http://www.w3.org/2001/XMLSchema#>)
Prefix(owl:=<http://www.w3.org/2002/07/owl#>)
Prefix(xml:=<http://www.w3.org/XML/1998/namespace>)
Prefix(rdf:=<http://www.w3.org/1999/02/22-rdf-syntax-ns#>)
Prefix(rdfs:=<http://www.w3.org/2000/01/rdf-schema#>)


Ontology(<http://www.semanticweb.org/Test.owl>

SubClassOf(<http://www.semanticweb.org/Test.owl#AG> owl:Thing)
SubClassOf(<http://www.semanticweb.org/Test.owl#BD> owl:Thing)
SubClassOf(<http://www.semanticweb.org/Test.owl#AH> <http://www.semanticweb.org/Test.owl#AG>)
SubClassOf(<http://www.semanticweb.org/Test.owl#AI> <http://www.semanticweb.org/Test.owl#AH>)
SubClassOf(<http://www.semanticweb.org/Test.owl#AJ> <http://www.semanticweb.org/Test.owl#AI>)
SubClassOf(<http://www.semanticweb.org/Test.owl#AK> <http://www.semanticweb.org/Test.owl#AJ>)
SubClassOf(<http://www.semanticweb.org/Test.owl#BA> <http://www.semanticweb.org/Test.owl#CA>)
SubClassOf(<http://www.semanticweb.org/Test.owl#BA> <http://www.semanticweb.org/Test.owl#CE>)
SubClassOf(<http://www.semanticweb.org/Test.owl#BB> <http://www.semanticweb.org/Test.owl#CA>)
SubClassOf(<http://www.semanticweb.org/Test.owl#BB> <http://www.semanticweb.org/Test.owl#CE>)
SubClassOf(<http://www.semanticweb.org/Test.owl#BC> <http://www.semanticweb.org/Test.owl#CA>)
SubClassOf(<http://www.semanticweb.org/Test.owl#BC> <http://www.semanticweb.org/Test.owl#CE>)
SubClassOf(<http://www.semanticweb.org/Test.owl#BE> <http://www.semanticweb.org/Test.owl#AI>)
SubClassOf(<http://www.semanticweb.org/Test.owl#BE> <http://www.semanticweb.org/Test.owl#CE>)
SubClassOf(<http://www.semanticweb.org/Test.owl#BF> <http://www.semanticweb.org/Test.owl#CA>)
SubClassOf(<http://www.semanticweb.org/Test.owl#BF> <http://www.semanticweb.org/Test.owl#CE>)
SubClassOf(<http://www.semanticweb.org/Test.owl#BG> <http://www.semanticweb.org/Test.owl#CB>)
SubClassOf(<http://www.semanticweb.org/Test.owl#BG> <http://www.semanticweb.org/Test.owl#CH>)
SubClassOf(<http://www.semanticweb.org/Test.owl#BH> <http://www.semanticweb.org/Test.owl#AI>)
SubClassOf(<http://www.semanticweb.org/Test.owl#BH> <http://www.semanticweb.org/Test.owl#CB>)
SubClassOf(<http://www.semanticweb.org/Test.owl#BI> <http://www.semanticweb.org/Test.owl#AI>)
SubClassOf(<http://www.semanticweb.org/Test.owl#BI> <http://www.semanticweb.org/Test.owl#CB>)
SubClassOf(<http://www.semanticweb.org/Test.owl#BJ> <http://www.semanticweb.org/Test.owl#CG>)
SubClassOf(<http://www.semanticweb.org/Test.owl#BK> <http://www.semanticweb.org/Test.owl#CB>)
SubClassOf(<http://www.semanticweb.org/Test.owl#BK> <http://www.semanticweb.org/Test.owl#CH>)
SubClassOf(<http://www.semanticweb.org/Test.owl#BL> <http://www.semanticweb.org/Test.owl#AI>)
SubClassOf(<http://www.semanticweb.org/Test.owl#CA> <http://www.semanticweb.org/Test.owl#AK>)
SubClassOf(<http://www.semanticweb.org/Test.owl#CB> <http://www.semanticweb.org/Test.owl#AG>)
SubClassOf(<http://www.semanticweb.org/Test.owl#CE> <http://www.semanticweb.org/Test.owl#AH>)
SubClassOf(<http://www.semanticweb.org/Test.owl#CG> <http://www.semanticweb.org/Test.owl#AJ>)
SubClassOf(<http://www.semanticweb.org/Test.owl#CH> <http://www.semanticweb.org/Test.owl#AK>)
SubClassOf(<http://www.semanticweb.org/Test.owl#CH> <http://www.semanticweb.org/Test.owl#CG>)
EquivalentClasses(<http://www.semanticweb.org/Test.owl#BA> <http://www.semanticweb.org/Test.owl#BB> <http://www.semanticweb.org/Test.owl#BC> <http://www.semanticweb.org/Test.owl#BF>)
EquivalentClasses(<http://www.semanticweb.org/Test.owl#BA> <http://www.semanticweb.org/Test.owl#BB> <http://www.semanticweb.org/Test.owl#BC> <http://www.semanticweb.org/Test.owl#BF>)
EquivalentClasses(<http://www.semanticweb.org/Test.owl#BA> <http://www.semanticweb.org/Test.owl#BB> <http://www.semanticweb.org/Test.owl#BC> <http://www.semanticweb.org/Test.owl#BF>)
EquivalentClasses(<http://www.semanticweb.org/Test.owl#BA> <http://www.semanticweb.org/Test.owl#BB> <http://www.semanticweb.org/Test.owl#BC> <http://www.semanticweb.org/Test.owl#BF>)
EquivalentClasses(<http://www.semanticweb.org/Test.owl#BG> <http://www.semanticweb.org/Test.owl#BK>)
EquivalentClasses(<http://www.semanticweb.org/Test.owl#BH> <http://www.semanticweb.org/Test.owl#BI>)
EquivalentClasses(<http://www.semanticweb.org/Test.owl#BI> <http://www.semanticweb.org/Test.owl#BH>)
EquivalentClasses(<http://www.semanticweb.org/Test.owl#BK> <http://www.semanticweb.org/Test.owl#BG>)
EquivalentClasses(<http://www.semanticweb.org/Test.owl#CC> <http://www.semanticweb.org/Test.owl#CD> <http://www.semanticweb.org/Test.owl#CF> owl:Nothing)
EquivalentClasses(<http://www.semanticweb.org/Test.owl#CC> <http://www.semanticweb.org/Test.owl#CD> <http://www.semanticweb.org/Test.owl#CF> owl:Nothing)
EquivalentClasses(<http://www.semanticweb.org/Test.owl#CC> <http://www.semanticweb.org/Test.owl#CD> <http://www.semanticweb.org/Test.owl#CF> owl:Nothing)
EquivalentClasses(<http://www.semanticweb.org/Test.owl#CC> <http://www.semanticweb.org/Test.owl#CD> <http://www.semanticweb.org/Test.owl#CF> owl:Nothing)
)
