Prefix(xsd:=<http://www.w3.org/2001/XMLSchema#>)
Prefix(owl:=<http://www.w3.org/2002/07/owl#>)
Prefix(:=<http://www.semanticweb.org/Test.owl#>)
Prefix(xml:=<http://www.w3.org/XML/1998/namespace>)
Prefix(rdf:=<http://www.w3.org/1999/02/22-rdf-syntax-ns#>)
Prefix(rdfs:=<http://www.w3.org/2000/01/rdf-schema#>)


Ontology(<http://www.semanticweb.org/Test.owl>

SubClassOf(<http://www.semanticweb.org/Test.owl#DA> <http://www.semanticweb.org/Test.owl#DI>)
SubClassOf(<http://www.semanticweb.org/Test.owl#DB> <http://www.semanticweb.org/Test.owl#DI>)
SubClassOf(<http://www.semanticweb.org/Test.owl#DC> <http://www.semanticweb.org/Test.owl#DE>)
SubClassOf(<http://www.semanticweb.org/Test.owl#DC> <http://www.semanticweb.org/Test.owl#DG>)
SubClassOf(<http://www.semanticweb.org/Test.owl#DD> <http://www.semanticweb.org/Test.owl#DE>)
SubClassOf(<http://www.semanticweb.org/Test.owl#DD> <http://www.semanticweb.org/Test.owl#DF>)
SubClassOf(<http://www.semanticweb.org/Test.owl#DD> <http://www.semanticweb.org/Test.owl#DH>)
SubClassOf(<http://www.semanticweb.org/Test.owl#DE> <http://www.semanticweb.org/Test.owl#DJ>)
SubClassOf(<http://www.semanticweb.org/Test.owl#DG> <http://www.semanticweb.org/Test.owl#DJ>)
SubClassOf(<http://www.semanticweb.org/Test.owl#DI> <http://www.semanticweb.org/Test.owl#DD>)
EquivalentClasses(<http://www.semanticweb.org/Test.owl#DK> owl:Nothing)
)


