Prefix(:=<http://www.semanticweb.org/Test.owl#>)
Prefix(owl:=<http://www.w3.org/2002/07/owl#>)
Prefix(rdf:=<http://www.w3.org/1999/02/22-rdf-syntax-ns#>)
Prefix(xml:=<http://www.w3.org/XML/1998/namespace>)
Prefix(xsd:=<http://www.w3.org/2001/XMLSchema#>)
Prefix(rdfs:=<http://www.w3.org/2000/01/rdf-schema#>)


Ontology(<http://www.semanticweb.org/Test.owl>

SubClassOf(:AG owl:Thing)
SubClassOf(:BD owl:Thing)

SubClassOf(:AH :AG)
SubClassOf(:AI :AH)
SubClassOf(:AJ :AI)
SubClassOf(:AK :AJ)
SubClassOf(:BA :CA)
SubClassOf(:BA :CE)
SubClassOf(:BB :CA)
SubClassOf(:BB :CE)
SubClassOf(:BC :CA)
SubClassOf(:BC :CE)
SubClassOf(:BE :AI)
SubClassOf(:BE :CE)
SubClassOf(:BF :CA)
SubClassOf(:BF :CE)
SubClassOf(:BG :CB)
SubClassOf(:BG :CH)
SubClassOf(:BH :AI)
SubClassOf(:BH :CB)
SubClassOf(:BI :AI)
SubClassOf(:BI :CB)
SubClassOf(:BJ :CG)
SubClassOf(:BK :CB)
SubClassOf(:BK :CH)
SubClassOf(:BL :AI)
SubClassOf(:CA :AK)
SubClassOf(:CB :AG)
SubClassOf(:CE :AH)
SubClassOf(:CG :AJ)
SubClassOf(:CH :AK)
SubClassOf(:CH :CG)

EquivalentClasses(:BA :BB :BC :BF)
EquivalentClasses(:BG :BK)
EquivalentClasses(:BH :BI)
EquivalentClasses(:BI :BH)
EquivalentClasses(:BK :BG)

EquivalentClasses(:CC :CD :CF owl:Nothing)
)
