Prefix(:=<http://www.semanticweb.org/Test.owl#>)
Prefix(owl:=<http://www.w3.org/2002/07/owl#>)
Prefix(rdf:=<http://www.w3.org/1999/02/22-rdf-syntax-ns#>)
Prefix(xml:=<http://www.w3.org/XML/1998/namespace>)
Prefix(xsd:=<http://www.w3.org/2001/XMLSchema#>)
Prefix(rdfs:=<http://www.w3.org/2000/01/rdf-schema#>)


Ontology(<http://www.semanticweb.org/Test.owl>

SubClassOf(:DA :DI)
SubClassOf(:DB :DI)
SubClassOf(:DC :DE)
SubClassOf(:DC :DM)
SubClassOf(:DD :DE)
SubClassOf(:DD :DF)
SubClassOf(:DD :DH)
SubClassOf(:DE :DJ)
SubClassOf(:DG :DJ)
SubClassOf(:DG :DN)
SubClassOf(:DI :DD)
SubClassOf(:DI :DN)
SubClassOf(:DM :DG)
SubClassOf(:DN :DO)

EquivalentClasses(:DK :DL owl:Nothing)
)


