Prefix(xsd:=<http://www.w3.org/2001/XMLSchema#>)
Prefix(owl:=<http://www.w3.org/2002/07/owl#>)
Prefix(:=<http://www.semanticweb.org/TestELK.owl#>)
Prefix(xml:=<http://www.w3.org/XML/1998/namespace>)
Prefix(rdf:=<http://www.w3.org/1999/02/22-rdf-syntax-ns#>)
Prefix(rdfs:=<http://www.w3.org/2000/01/rdf-schema#>)


Ontology(<http://www.semanticweb.org/TestELK.owl>

SubClassOf(<http://www.semanticweb.org/TestELK.owl#C> owl:Thing)
SubClassOf(<http://www.semanticweb.org/TestELK.owl#A> <http://www.semanticweb.org/TestELK.owl#D>)
SubClassOf(<http://www.semanticweb.org/TestELK.owl#A> <http://www.semanticweb.org/TestELK.owl#K>)
SubClassOf(<http://www.semanticweb.org/TestELK.owl#B> <http://www.semanticweb.org/TestELK.owl#D>)
SubClassOf(<http://www.semanticweb.org/TestELK.owl#B> <http://www.semanticweb.org/TestELK.owl#K>)
SubClassOf(<http://www.semanticweb.org/TestELK.owl#D> <http://www.semanticweb.org/TestELK.owl#C>)
SubClassOf(<http://www.semanticweb.org/TestELK.owl#E> <http://www.semanticweb.org/TestELK.owl#K>)
SubClassOf(<http://www.semanticweb.org/TestELK.owl#F> <http://www.semanticweb.org/TestELK.owl#K>)
SubClassOf(<http://www.semanticweb.org/TestELK.owl#G> <http://www.semanticweb.org/TestELK.owl#D>)
SubClassOf(<http://www.semanticweb.org/TestELK.owl#G> <http://www.semanticweb.org/TestELK.owl#K>)
SubClassOf(<http://www.semanticweb.org/TestELK.owl#H> <http://www.semanticweb.org/TestELK.owl#D>)
SubClassOf(<http://www.semanticweb.org/TestELK.owl#H> <http://www.semanticweb.org/TestELK.owl#K>)
SubClassOf(<http://www.semanticweb.org/TestELK.owl#I> <http://www.semanticweb.org/TestELK.owl#C>)
SubClassOf(<http://www.semanticweb.org/TestELK.owl#J> <http://www.semanticweb.org/TestELK.owl#C>)
SubClassOf(<http://www.semanticweb.org/TestELK.owl#K> <http://www.semanticweb.org/TestELK.owl#C>)
EquivalentClasses(<http://www.semanticweb.org/TestELK.owl#H> <http://www.semanticweb.org/TestELK.owl#G>)
EquivalentClasses(<http://www.semanticweb.org/TestELK.owl#G> <http://www.semanticweb.org/TestELK.owl#H>)
EquivalentClasses(<http://www.semanticweb.org/TestELK.owl#L> owl:Nothing)
)
