Prefix(: = <http://www.test.com/schema#>)
Prefix(rdf: = <http://www.w3.org/1999/02/22-rdf-syntax-ns#>)
Prefix(rdfs: = <http://www.w3.org/2000/01/rdf-schema#>)
Prefix(xsd: = <http://www.w3.org/2001/XMLSchema#>)
Prefix(owl: = <http://www.w3.org/2002/07/owl#>)
Ontology(
Declaration(Class(:green-thing))
Declaration(Class(:leaf))
Declaration(Class(:brown-thing))
Declaration(Class(:green))
Declaration(Class(:brown))
Declaration(Class(:red))
Declaration(Class(:trunk))
Declaration(Class(:color))
Declaration(Class(:forest))
Declaration(Class(:black))
Declaration(Class(:tree))
Declaration(Class(:yellow))
Declaration(Class(:blue))
SubClassOf(:forest :brown-thing)
SubClassOf(:tree :brown-thing)
SubClassOf(:trunk :brown-thing)
SubClassOf(:black :color)
SubClassOf(:blue :color)
SubClassOf(:brown :color)
SubClassOf(:green :color)
SubClassOf(:red :color)
SubClassOf(:yellow :color)
SubClassOf(:forest :green-thing)
SubClassOf(:leaf :green-thing)
SubClassOf(:tree :green-thing)
)
