Ontology(
Declaration(Class(<test:green>))
Declaration(Class(<test:trunk>))
Declaration(Class(<test:yellow>))
Declaration(Class(<test:color>))
Declaration(Class(<test:blue>))
Declaration(Class(<test:brown>))
Declaration(Class(<test:tree>))
Declaration(Class(<test:black>))
Declaration(Class(<test:forest>))
Declaration(Class(<test:green-thing>))
Declaration(Class(<test:leaf>))
Declaration(Class(<test:brown-thing>))
Declaration(Class(<test:red>))
SubClassOf(<test:forest> <test:brown-thing>)
SubClassOf(<test:tree> <test:brown-thing>)
SubClassOf(<test:trunk> <test:brown-thing>)
SubClassOf(<test:black> <test:color>)
SubClassOf(<test:blue> <test:color>)
SubClassOf(<test:brown> <test:color>)
SubClassOf(<test:green> <test:color>)
SubClassOf(<test:red> <test:color>)
SubClassOf(<test:yellow> <test:color>)
SubClassOf(<test:forest> <test:green-thing>)
SubClassOf(<test:leaf> <test:green-thing>)
SubClassOf(<test:tree> <test:green-thing>)
)