Prefix(: = <http://www.test.com/schema#>)
Prefix(rdf: = <http://www.w3.org/1999/02/22-rdf-syntax-ns#>)
Prefix(rdfs: = <http://www.w3.org/2000/01/rdf-schema#>)
Prefix(xsd: = <http://www.w3.org/2001/XMLSchema#>)
Prefix(owl: = <http://www.w3.org/2002/07/owl#>)
Ontology(
Declaration(Class(:Parent))
Declaration(Class(:Rational))
Declaration(Class(:Kangaroo))
Declaration(Class(:Beast))
Declaration(Class(:Animal))
Declaration(Class(:Irrational))
Declaration(Class(:Human))
Declaration(Class(:KangarooInfant))
Declaration(Class(:MaternityKangaroo))
Declaration(Class(:Pouch))
EquivalentClasses(owl:Nothing :MaternityKangaroo)
SubClassOf(:Beast :Animal)
SubClassOf(:Human :Animal)
SubClassOf(:Kangaroo :Beast)
SubClassOf(:Parent :Human)
SubClassOf(:Beast :Irrational)
SubClassOf(:KangarooInfant :Kangaroo)
SubClassOf(:Human :Rational)
)
