Ontology(
Declaration(Class(<test:KangarooInfant>))
Declaration(Class(<test:Kangaroo>))
Declaration(Class(<test:Human>))
Declaration(Class(<test:Beast>))
Declaration(Class(<test:Rational>))
Declaration(Class(<test:Pouch>))
Declaration(Class(<test:Irrational>))
Declaration(Class(<test:MaternityKangaroo>))
Declaration(Class(<test:Animal>))
Declaration(Class(<test:Parent>))
EquivalentClasses(<http://www.w3.org/2002/07/owl#Nothing> <test:MaternityKangaroo>)
SubClassOf(<test:Beast> <test:Animal>)
SubClassOf(<test:Human> <test:Animal>)
SubClassOf(<test:Kangaroo> <test:Beast>)
SubClassOf(<test:Parent> <test:Human>)
SubClassOf(<test:Beast> <test:Irrational>)
SubClassOf(<test:KangarooInfant> <test:Kangaroo>)
SubClassOf(<test:Human> <test:Rational>)
)