Prefix(xsd:=<http://www.w3.org/2001/XMLSchema#>)
Prefix(owl:=<http://www.w3.org/2002/07/owl#>)
Prefix(:=<http://www.semanticweb.org/Test.owl#>)
Prefix(xml:=<http://www.w3.org/XML/1998/namespace>)
Prefix(rdf:=<http://www.w3.org/1999/02/22-rdf-syntax-ns#>)
Prefix(rdfs:=<http://www.w3.org/2000/01/rdf-schema#>)

Ontology(<http://www.semanticweb.org/Test.owl>

EquivalentClasses(:A2Facets :ABRef :B3Facets)
EquivalentClasses(:C2x2Facets :CRef)

SubClassOf(:C2x2Facets :A2Facets)
SubClassOf(:C2x2Facets :ABRef)
SubClassOf(:C2x2Facets :B3Facets)

SubClassOf(:CRef :A2Facets)
SubClassOf(:CRef :ABRef)
SubClassOf(:CRef :B3Facets)
)
