Prefix(xsd:=<http://www.w3.org/2001/XMLSchema#>)
Prefix(owl:=<http://www.w3.org/2002/07/owl#>)
Prefix(:=<http://www.semanticweb.org/Test.owl#>)
Prefix(xml:=<http://www.w3.org/XML/1998/namespace>)
Prefix(rdf:=<http://www.w3.org/1999/02/22-rdf-syntax-ns#>)
Prefix(rdfs:=<http://www.w3.org/2000/01/rdf-schema#>)

Ontology(<http://www.semanticweb.org/Test.owl>

SubClassOf(:AllTokens		:AllStrings)
SubClassOf(:AnyNonEmptyToken	:AllTokens)
SubClassOf(:AnyShortToken	:AllTokens)
SubClassOf(:NumericToken	:AnyNonEmptyToken)

SubClassOf(:_valid_string_A	:AnyNonEmptyToken)
SubClassOf(:_valid_string_B	:AnyNonEmptyToken)
SubClassOf(:_valid_string_C	:AnyNonEmptyToken)
SubClassOf(:_valid_string_D	:AnyShortToken)
SubClassOf(:_valid_string_D	:NumericToken)
SubClassOf(:_valid_string_E	:AnyShortToken)
SubClassOf(:_valid_string_F	:AllStrings)
SubClassOf(:_valid_string_G	:AllStrings)
SubClassOf(:_valid_string_H	:AllStrings)
SubClassOf(:_valid_string_I	:AllStrings)

EquivalentClasses(:InvalidTokenA :InvalidTokenB :InvalidTokenC owl:Nothing)
)
